<?xml version="1.0"?>
<link_info>
   <banner>TI ARM Linker Unix v5.1.6</banner>
   <copyright>Copyright (c) 1996-2014 Texas Instruments Incorporated</copyright>
   <link_time>0x54741eae</link_time>
   <link_errors>0x0</link_errors>
   <output_file>Controllerboard.out</output_file>
   <entry_point>
      <name>_c_int00</name>
      <address>0xe090</address>
   </entry_point>
   <input_file_list>
      <input_file id="fl-2">
         <path>./source/</path>
         <kind>object</kind>
         <file>adc.obj</file>
         <name>adc.obj</name>
      </input_file>
      <input_file id="fl-3">
         <path>./source/</path>
         <kind>object</kind>
         <file>can.obj</file>
         <name>can.obj</name>
      </input_file>
      <input_file id="fl-4">
         <path>./source/</path>
         <kind>object</kind>
         <file>crc.obj</file>
         <name>crc.obj</name>
      </input_file>
      <input_file id="fl-5">
         <path>./source/</path>
         <kind>object</kind>
         <file>dabort.obj</file>
         <name>dabort.obj</name>
      </input_file>
      <input_file id="fl-6">
         <path>./source/</path>
         <kind>object</kind>
         <file>dcc.obj</file>
         <name>dcc.obj</name>
      </input_file>
      <input_file id="fl-7">
         <path>./source/</path>
         <kind>object</kind>
         <file>eqep.obj</file>
         <name>eqep.obj</name>
      </input_file>
      <input_file id="fl-8">
         <path>./source/</path>
         <kind>object</kind>
         <file>esm.obj</file>
         <name>esm.obj</name>
      </input_file>
      <input_file id="fl-9">
         <path>./source/</path>
         <kind>object</kind>
         <file>gio.obj</file>
         <name>gio.obj</name>
      </input_file>
      <input_file id="fl-a">
         <path>./source/</path>
         <kind>object</kind>
         <file>het.obj</file>
         <name>het.obj</name>
      </input_file>
      <input_file id="fl-b">
         <path>./source/</path>
         <kind>object</kind>
         <file>mibspi.obj</file>
         <name>mibspi.obj</name>
      </input_file>
      <input_file id="fl-c">
         <path>./source/</path>
         <kind>object</kind>
         <file>notification.obj</file>
         <name>notification.obj</name>
      </input_file>
      <input_file id="fl-d">
         <path>./source/</path>
         <kind>object</kind>
         <file>os_croutine.obj</file>
         <name>os_croutine.obj</name>
      </input_file>
      <input_file id="fl-e">
         <path>./source/</path>
         <kind>object</kind>
         <file>os_event_groups.obj</file>
         <name>os_event_groups.obj</name>
      </input_file>
      <input_file id="fl-f">
         <path>./source/</path>
         <kind>object</kind>
         <file>os_heap.obj</file>
         <name>os_heap.obj</name>
      </input_file>
      <input_file id="fl-10">
         <path>./source/</path>
         <kind>object</kind>
         <file>os_list.obj</file>
         <name>os_list.obj</name>
      </input_file>
      <input_file id="fl-11">
         <path>./source/</path>
         <kind>object</kind>
         <file>os_mpu_wrappers.obj</file>
         <name>os_mpu_wrappers.obj</name>
      </input_file>
      <input_file id="fl-12">
         <path>./source/</path>
         <kind>object</kind>
         <file>os_port.obj</file>
         <name>os_port.obj</name>
      </input_file>
      <input_file id="fl-13">
         <path>./source/</path>
         <kind>object</kind>
         <file>os_portasm.obj</file>
         <name>os_portasm.obj</name>
      </input_file>
      <input_file id="fl-14">
         <path>./source/</path>
         <kind>object</kind>
         <file>os_queue.obj</file>
         <name>os_queue.obj</name>
      </input_file>
      <input_file id="fl-15">
         <path>./source/</path>
         <kind>object</kind>
         <file>os_tasks.obj</file>
         <name>os_tasks.obj</name>
      </input_file>
      <input_file id="fl-16">
         <path>./source/</path>
         <kind>object</kind>
         <file>os_timer.obj</file>
         <name>os_timer.obj</name>
      </input_file>
      <input_file id="fl-17">
         <path>./source/</path>
         <kind>object</kind>
         <file>pinmux.obj</file>
         <name>pinmux.obj</name>
      </input_file>
      <input_file id="fl-18">
         <path>./source/</path>
         <kind>object</kind>
         <file>sci.obj</file>
         <name>sci.obj</name>
      </input_file>
      <input_file id="fl-19">
         <path>./source/</path>
         <kind>object</kind>
         <file>spi.obj</file>
         <name>spi.obj</name>
      </input_file>
      <input_file id="fl-1a">
         <path>./source/</path>
         <kind>object</kind>
         <file>sys_core.obj</file>
         <name>sys_core.obj</name>
      </input_file>
      <input_file id="fl-1b">
         <path>./source/</path>
         <kind>object</kind>
         <file>sys_intvecs.obj</file>
         <name>sys_intvecs.obj</name>
      </input_file>
      <input_file id="fl-1c">
         <path>./source/</path>
         <kind>object</kind>
         <file>sys_main.obj</file>
         <name>sys_main.obj</name>
      </input_file>
      <input_file id="fl-1d">
         <path>./source/</path>
         <kind>object</kind>
         <file>sys_mpu.obj</file>
         <name>sys_mpu.obj</name>
      </input_file>
      <input_file id="fl-1e">
         <path>./source/</path>
         <kind>object</kind>
         <file>sys_pcr.obj</file>
         <name>sys_pcr.obj</name>
      </input_file>
      <input_file id="fl-1f">
         <path>./source/</path>
         <kind>object</kind>
         <file>sys_phantom.obj</file>
         <name>sys_phantom.obj</name>
      </input_file>
      <input_file id="fl-20">
         <path>./source/</path>
         <kind>object</kind>
         <file>sys_pmu.obj</file>
         <name>sys_pmu.obj</name>
      </input_file>
      <input_file id="fl-21">
         <path>./source/</path>
         <kind>object</kind>
         <file>sys_selftest.obj</file>
         <name>sys_selftest.obj</name>
      </input_file>
      <input_file id="fl-22">
         <path>./source/</path>
         <kind>object</kind>
         <file>sys_startup.obj</file>
         <name>sys_startup.obj</name>
      </input_file>
      <input_file id="fl-23">
         <path>./source/</path>
         <kind>object</kind>
         <file>sys_vim.obj</file>
         <name>sys_vim.obj</name>
      </input_file>
      <input_file id="fl-24">
         <path>./source/</path>
         <kind>object</kind>
         <file>system.obj</file>
         <name>system.obj</name>
      </input_file>
      <input_file id="fl-29">
         <path>/opt/ti/ccsv6/tools/compiler/arm_5.1.6/lib/</path>
         <kind>archive</kind>
         <file>rtsv7R4_T_be_eabi.lib</file>
         <name>auto_init.obj</name>
      </input_file>
      <input_file id="fl-2a">
         <path>/opt/ti/ccsv6/tools/compiler/arm_5.1.6/lib/</path>
         <kind>archive</kind>
         <file>rtsv7R4_T_be_eabi.lib</file>
         <name>copy_decompress_none.obj</name>
      </input_file>
      <input_file id="fl-2b">
         <path>/opt/ti/ccsv6/tools/compiler/arm_5.1.6/lib/</path>
         <kind>archive</kind>
         <file>rtsv7R4_T_be_eabi.lib</file>
         <name>copy_decompress_rle.obj</name>
      </input_file>
      <input_file id="fl-2c">
         <path>/opt/ti/ccsv6/tools/compiler/arm_5.1.6/lib/</path>
         <kind>archive</kind>
         <file>rtsv7R4_T_be_eabi.lib</file>
         <name>copy_zero_init.obj</name>
      </input_file>
      <input_file id="fl-2d">
         <path>/opt/ti/ccsv6/tools/compiler/arm_5.1.6/lib/</path>
         <kind>archive</kind>
         <file>rtsv7R4_T_be_eabi.lib</file>
         <name>cpy_tbl.obj</name>
      </input_file>
      <input_file id="fl-2e">
         <path>/opt/ti/ccsv6/tools/compiler/arm_5.1.6/lib/</path>
         <kind>archive</kind>
         <file>rtsv7R4_T_be_eabi.lib</file>
         <name>exit.obj</name>
      </input_file>
      <input_file id="fl-2f">
         <path>/opt/ti/ccsv6/tools/compiler/arm_5.1.6/lib/</path>
         <kind>archive</kind>
         <file>rtsv7R4_T_be_eabi.lib</file>
         <name>fd_div_t2.obj</name>
      </input_file>
      <input_file id="fl-30">
         <path>/opt/ti/ccsv6/tools/compiler/arm_5.1.6/lib/</path>
         <kind>archive</kind>
         <file>rtsv7R4_T_be_eabi.lib</file>
         <name>fd_mul_t2.obj</name>
      </input_file>
      <input_file id="fl-31">
         <path>/opt/ti/ccsv6/tools/compiler/arm_5.1.6/lib/</path>
         <kind>archive</kind>
         <file>rtsv7R4_T_be_eabi.lib</file>
         <name>fd_tou_t2.obj</name>
      </input_file>
      <input_file id="fl-32">
         <path>/opt/ti/ccsv6/tools/compiler/arm_5.1.6/lib/</path>
         <kind>archive</kind>
         <file>rtsv7R4_T_be_eabi.lib</file>
         <name>memcpy_t2.obj</name>
      </input_file>
      <input_file id="fl-33">
         <path>/opt/ti/ccsv6/tools/compiler/arm_5.1.6/lib/</path>
         <kind>archive</kind>
         <file>rtsv7R4_T_be_eabi.lib</file>
         <name>memset_t2.obj</name>
      </input_file>
      <input_file id="fl-34">
         <path>/opt/ti/ccsv6/tools/compiler/arm_5.1.6/lib/</path>
         <kind>archive</kind>
         <file>rtsv7R4_T_be_eabi.lib</file>
         <name>u_div32.obj</name>
      </input_file>
      <input_file id="fl-35">
         <path>/opt/ti/ccsv6/tools/compiler/arm_5.1.6/lib/</path>
         <kind>archive</kind>
         <file>rtsv7R4_T_be_eabi.lib</file>
         <name>u_tofd_t2.obj</name>
      </input_file>
      <input_file id="fl-36">
         <path>/opt/ti/ccsv6/tools/compiler/arm_5.1.6/lib/</path>
         <kind>archive</kind>
         <file>rtsv7R4_T_be_eabi.lib</file>
         <name>_lock.obj</name>
      </input_file>
   </input_file_list>
   <object_component_list>
      <object_component id="oc-38">
         <name>.intvecs</name>
         <load_address>0x0</load_address>
         <run_address>0x0</run_address>
         <size>0x20</size>
         <input_file_ref idref="fl-1b"/>
      </object_component>
      <object_component id="oc-66">
         <name>.text</name>
         <load_address>0x20</load_address>
         <run_address>0x20</run_address>
         <size>0x94</size>
         <input_file_ref idref="fl-29"/>
      </object_component>
      <object_component id="oc-8b">
         <name>.text</name>
         <load_address>0xb4</load_address>
         <run_address>0xb4</run_address>
         <size>0x60</size>
         <input_file_ref idref="fl-2b"/>
      </object_component>
      <object_component id="oc-29">
         <name>.text:decompress:rle24</name>
         <load_address>0x114</load_address>
         <run_address>0x114</run_address>
         <size>0x6</size>
         <input_file_ref idref="fl-2b"/>
      </object_component>
      <object_component id="oc-d6">
         <name>.text</name>
         <load_address>0x11c</load_address>
         <run_address>0x11c</run_address>
         <size>0x48</size>
         <input_file_ref idref="fl-2d"/>
      </object_component>
      <object_component id="oc-23">
         <name>.text:decompress:ZI</name>
         <load_address>0x164</load_address>
         <run_address>0x164</run_address>
         <size>0x12</size>
         <input_file_ref idref="fl-2c"/>
      </object_component>
      <object_component id="oc-1d">
         <name>.text:decompress:none</name>
         <load_address>0x176</load_address>
         <run_address>0x176</run_address>
         <size>0xe</size>
         <input_file_ref idref="fl-2a"/>
      </object_component>
      <object_component id="oc-1c2">
         <name>.kernelTEXT</name>
         <load_address>0x184</load_address>
         <run_address>0x184</run_address>
         <size>0x610</size>
         <input_file_ref idref="fl-f"/>
      </object_component>
      <object_component id="oc-1ae">
         <name>.kernelTEXT</name>
         <load_address>0x794</load_address>
         <run_address>0x794</run_address>
         <size>0x570</size>
         <input_file_ref idref="fl-12"/>
      </object_component>
      <object_component id="oc-a4">
         <name>.kernelTEXT</name>
         <load_address>0xd04</load_address>
         <run_address>0xd04</run_address>
         <size>0x3b0</size>
         <input_file_ref idref="fl-13"/>
      </object_component>
      <object_component id="oc-1b4">
         <name>.kernelTEXT</name>
         <load_address>0x10b4</load_address>
         <run_address>0x10b4</run_address>
         <size>0x238</size>
         <input_file_ref idref="fl-10"/>
      </object_component>
      <object_component id="oc-2b3">
         <name>.cinit..data.load</name>
         <load_address>0x12f0</load_address>
         <run_address>0x12f0</run_address>
         <size>0x18</size>
      </object_component>
      <object_component id="oc-2b0">
         <name>.cinit..kernelBSS.load</name>
         <load_address>0x1308</load_address>
         <run_address>0x1308</run_address>
         <size>0x12</size>
      </object_component>
      <object_component id="oc-2ae">
         <name>__TI_handler_table</name>
         <load_address>0x131c</load_address>
         <run_address>0x131c</run_address>
         <size>0xc</size>
      </object_component>
      <object_component id="oc-2b2">
         <name>.cinit..bss.load</name>
         <load_address>0x1328</load_address>
         <run_address>0x1328</run_address>
         <size>0x8</size>
      </object_component>
      <object_component id="oc-2b1">
         <name>.cinit..kernelHEAP.load</name>
         <load_address>0x1330</load_address>
         <run_address>0x1330</run_address>
         <size>0x8</size>
      </object_component>
      <object_component id="oc-2af">
         <name>__TI_cinit_table</name>
         <load_address>0x1338</load_address>
         <run_address>0x1338</run_address>
         <size>0x20</size>
      </object_component>
      <object_component id="oc-5a">
         <name>.text</name>
         <load_address>0x8020</load_address>
         <run_address>0x8020</run_address>
         <size>0x24ec</size>
         <input_file_ref idref="fl-21"/>
      </object_component>
      <object_component id="oc-10a">
         <name>.text</name>
         <load_address>0xa50c</load_address>
         <run_address>0xa50c</run_address>
         <size>0x1cac</size>
         <input_file_ref idref="fl-15"/>
      </object_component>
      <object_component id="oc-54">
         <name>.text</name>
         <load_address>0xc1b8</load_address>
         <run_address>0xc1b8</run_address>
         <size>0xa64</size>
         <input_file_ref idref="fl-24"/>
      </object_component>
      <object_component id="oc-44">
         <name>.text</name>
         <load_address>0xcc1c</load_address>
         <run_address>0xcc1c</run_address>
         <size>0x894</size>
         <input_file_ref idref="fl-23"/>
      </object_component>
      <object_component id="oc-60">
         <name>.text</name>
         <load_address>0xd4b0</load_address>
         <run_address>0xd4b0</run_address>
         <size>0x634</size>
         <input_file_ref idref="fl-8"/>
      </object_component>
      <object_component id="oc-4f">
         <name>.text</name>
         <load_address>0xdae4</load_address>
         <run_address>0xdae4</run_address>
         <size>0x340</size>
         <input_file_ref idref="fl-1a"/>
      </object_component>
      <object_component id="oc-43">
         <name>.text:retain</name>
         <load_address>0xde24</load_address>
         <run_address>0xde24</run_address>
         <size>0x26c</size>
         <input_file_ref idref="fl-23"/>
      </object_component>
      <object_component id="oc-17">
         <name>.text:retain</name>
         <load_address>0xe090</load_address>
         <run_address>0xe090</run_address>
         <size>0x1fc</size>
         <input_file_ref idref="fl-22"/>
      </object_component>
      <object_component id="oc-98">
         <name>.text</name>
         <load_address>0xe28c</load_address>
         <run_address>0xe28c</run_address>
         <size>0x198</size>
         <input_file_ref idref="fl-c"/>
      </object_component>
      <object_component id="oc-c0">
         <name>.text</name>
         <load_address>0xe424</load_address>
         <run_address>0xe424</run_address>
         <size>0x150</size>
         <input_file_ref idref="fl-17"/>
      </object_component>
      <object_component id="oc-2f">
         <name>.text:retain</name>
         <load_address>0xe574</load_address>
         <run_address>0xe574</run_address>
         <size>0x130</size>
         <input_file_ref idref="fl-8"/>
      </object_component>
      <object_component id="oc-c8">
         <name>.text</name>
         <load_address>0xe6a4</load_address>
         <run_address>0xe6a4</run_address>
         <size>0x114</size>
         <input_file_ref idref="fl-20"/>
      </object_component>
      <object_component id="oc-ac">
         <name>.text</name>
         <load_address>0xe7b8</load_address>
         <run_address>0xe7b8</run_address>
         <size>0xe8</size>
         <input_file_ref idref="fl-5"/>
      </object_component>
      <object_component id="oc-78">
         <name>.text</name>
         <load_address>0xe8a0</load_address>
         <run_address>0xe8a0</run_address>
         <size>0x9c</size>
         <input_file_ref idref="fl-32"/>
      </object_component>
      <object_component id="oc-1c8">
         <name>.text</name>
         <load_address>0xe93c</load_address>
         <run_address>0xe93c</run_address>
         <size>0x78</size>
         <input_file_ref idref="fl-33"/>
      </object_component>
      <object_component id="oc-71">
         <name>.text</name>
         <load_address>0xe9b4</load_address>
         <run_address>0xe9b4</run_address>
         <size>0x44</size>
         <input_file_ref idref="fl-2e"/>
      </object_component>
      <object_component id="oc-185">
         <name>.text</name>
         <load_address>0xe9f8</load_address>
         <run_address>0xe9f8</run_address>
         <size>0x14</size>
         <input_file_ref idref="fl-36"/>
      </object_component>
      <object_component id="oc-3d">
         <name>.text:retain</name>
         <load_address>0xea0c</load_address>
         <run_address>0xea0c</run_address>
         <size>0x4</size>
         <input_file_ref idref="fl-1f"/>
      </object_component>
      <object_component id="oc-6b">
         <name>.text</name>
         <load_address>0xea10</load_address>
         <run_address>0xea10</run_address>
         <size>0x4</size>
         <input_file_ref idref="fl-1c"/>
      </object_component>
      <object_component id="oc-35">
         <name>.const:s_vim_init</name>
         <load_address>0xea14</load_address>
         <run_address>0xea14</run_address>
         <size>0x180</size>
         <input_file_ref idref="fl-23"/>
      </object_component>
      <object_component id="oc-113">
         <name>.kernelBSS</name>
         <load_address>0x8001514</load_address>
         <run_address>0x8001514</run_address>
         <size>0x8</size>
         <input_file_ref idref="fl-12"/>
      </object_component>
      <object_component id="oc-223">
         <name>.kernelBSS:init</name>
         <load_address>0x8001500</load_address>
         <run_address>0x8001500</run_address>
         <size>0x14</size>
         <input_file_ref idref="fl-f"/>
      </object_component>
      <object_component id="oc-226">
         <name>.kernelBSS:uninit</name>
         <load_address>0x800151c</load_address>
         <run_address>0x800151c</run_address>
         <size>0x8</size>
         <input_file_ref idref="fl-f"/>
      </object_component>
      <object_component id="oc-229">
         <name>.kernelHEAP</name>
         <uninitialized>true</uninitialized>
         <run_address>0x8001d00</run_address>
         <size>0x2000</size>
         <input_file_ref idref="fl-f"/>
      </object_component>
      <object_component id="oc-1ba">
         <name>.bss:pxReadyTasksLists</name>
         <uninitialized>true</uninitialized>
         <run_address>0x8003d00</run_address>
         <size>0x64</size>
         <input_file_ref idref="fl-15"/>
      </object_component>
      <object_component id="oc-1d0">
         <name>.common:xDelayedTaskList1</name>
         <uninitialized>true</uninitialized>
         <run_address>0x8003d64</run_address>
         <size>0x14</size>
      </object_component>
      <object_component id="oc-1d1">
         <name>.common:xDelayedTaskList2</name>
         <uninitialized>true</uninitialized>
         <run_address>0x8003d78</run_address>
         <size>0x14</size>
      </object_component>
      <object_component id="oc-1ce">
         <name>.common:pxDelayedTaskList</name>
         <uninitialized>true</uninitialized>
         <run_address>0x8003dc8</run_address>
         <size>0x4</size>
      </object_component>
      <object_component id="oc-1cf">
         <name>.common:pxOverflowDelayedTaskList</name>
         <uninitialized>true</uninitialized>
         <run_address>0x8003dcc</run_address>
         <size>0x4</size>
      </object_component>
      <object_component id="oc-1cd">
         <name>.common:xPendingReadyList</name>
         <uninitialized>true</uninitialized>
         <run_address>0x8003d8c</run_address>
         <size>0x14</size>
      </object_component>
      <object_component id="oc-1d2">
         <name>.common:xTasksWaitingTermination</name>
         <uninitialized>true</uninitialized>
         <run_address>0x8003db4</run_address>
         <size>0x14</size>
      </object_component>
      <object_component id="oc-1c0">
         <name>.common:xSuspendedTaskList</name>
         <uninitialized>true</uninitialized>
         <run_address>0x8003da0</run_address>
         <size>0x14</size>
      </object_component>
      <object_component id="oc-de">
         <name>.data</name>
         <load_address>0x8003e00</load_address>
         <run_address>0x8003e00</run_address>
         <size>0x8</size>
         <input_file_ref idref="fl-36"/>
      </object_component>
      <object_component id="oc-e1">
         <name>.data</name>
         <load_address>0x8003e08</load_address>
         <run_address>0x8003e08</run_address>
         <size>0x8</size>
         <input_file_ref idref="fl-2e"/>
      </object_component>
      <object_component id="oc-110">
         <name>.data</name>
         <load_address>0x8003dd0</load_address>
         <run_address>0x8003dd0</run_address>
         <size>0x30</size>
         <input_file_ref idref="fl-15"/>
      </object_component>
      <object_component id="oc-18">
         <name>.debug_info</name>
         <load_address>0x0</load_address>
         <run_address>0x0</run_address>
         <size>0x4c3</size>
         <input_file_ref idref="fl-22"/>
      </object_component>
      <object_component id="oc-1e">
         <name>.debug_info</name>
         <load_address>0x4c3</load_address>
         <run_address>0x4c3</run_address>
         <size>0x194</size>
         <input_file_ref idref="fl-2a"/>
      </object_component>
      <object_component id="oc-25">
         <name>.debug_info</name>
         <load_address>0x657</load_address>
         <run_address>0x657</run_address>
         <size>0x16a</size>
         <input_file_ref idref="fl-2c"/>
      </object_component>
      <object_component id="oc-2a">
         <name>.debug_info</name>
         <load_address>0x7c1</load_address>
         <run_address>0x7c1</run_address>
         <size>0x18e</size>
         <input_file_ref idref="fl-2b"/>
      </object_component>
      <object_component id="oc-30">
         <name>.debug_info</name>
         <load_address>0x94f</load_address>
         <run_address>0x94f</run_address>
         <size>0x19d</size>
         <input_file_ref idref="fl-8"/>
      </object_component>
      <object_component id="oc-36">
         <name>.debug_info</name>
         <load_address>0xaec</load_address>
         <run_address>0xaec</run_address>
         <size>0xda</size>
         <input_file_ref idref="fl-23"/>
      </object_component>
      <object_component id="oc-39">
         <name>.debug_info</name>
         <load_address>0xbc6</load_address>
         <run_address>0xbc6</run_address>
         <size>0x106</size>
         <input_file_ref idref="fl-1b"/>
      </object_component>
      <object_component id="oc-3e">
         <name>.debug_info</name>
         <load_address>0xccc</load_address>
         <run_address>0xccc</run_address>
         <size>0x132</size>
         <input_file_ref idref="fl-1f"/>
      </object_component>
      <object_component id="oc-45">
         <name>.debug_info</name>
         <load_address>0xdfe</load_address>
         <run_address>0xdfe</run_address>
         <size>0x46c</size>
         <input_file_ref idref="fl-23"/>
      </object_component>
      <object_component id="oc-4a">
         <name>.debug_info</name>
         <load_address>0x126a</load_address>
         <run_address>0x126a</run_address>
         <size>0x1f5</size>
         <input_file_ref idref="fl-23"/>
      </object_component>
      <object_component id="oc-50">
         <name>.debug_info</name>
         <load_address>0x145f</load_address>
         <run_address>0x145f</run_address>
         <size>0x7b5</size>
         <input_file_ref idref="fl-1a"/>
      </object_component>
      <object_component id="oc-55">
         <name>.debug_info</name>
         <load_address>0x1c14</load_address>
         <run_address>0x1c14</run_address>
         <size>0x72b</size>
         <input_file_ref idref="fl-24"/>
      </object_component>
      <object_component id="oc-5b">
         <name>.debug_info</name>
         <load_address>0x233f</load_address>
         <run_address>0x233f</run_address>
         <size>0x280d</size>
         <input_file_ref idref="fl-21"/>
      </object_component>
      <object_component id="oc-61">
         <name>.debug_info</name>
         <load_address>0x4b4c</load_address>
         <run_address>0x4b4c</run_address>
         <size>0xb63</size>
         <input_file_ref idref="fl-8"/>
      </object_component>
      <object_component id="oc-67">
         <name>.debug_info</name>
         <load_address>0x56af</load_address>
         <run_address>0x56af</run_address>
         <size>0x13d</size>
         <input_file_ref idref="fl-29"/>
      </object_component>
      <object_component id="oc-6c">
         <name>.debug_info</name>
         <load_address>0x57ec</load_address>
         <run_address>0x57ec</run_address>
         <size>0x110</size>
         <input_file_ref idref="fl-1c"/>
      </object_component>
      <object_component id="oc-72">
         <name>.debug_info</name>
         <load_address>0x58fc</load_address>
         <run_address>0x58fc</run_address>
         <size>0x1c2</size>
         <input_file_ref idref="fl-2e"/>
      </object_component>
      <object_component id="oc-79">
         <name>.debug_info</name>
         <load_address>0x5abe</load_address>
         <run_address>0x5abe</run_address>
         <size>0xcc</size>
         <input_file_ref idref="fl-32"/>
      </object_component>
      <object_component id="oc-7e">
         <name>.debug_info</name>
         <load_address>0x5b8a</load_address>
         <run_address>0x5b8a</run_address>
         <size>0x46</size>
         <input_file_ref idref="fl-2a"/>
      </object_component>
      <object_component id="oc-83">
         <name>.debug_info</name>
         <load_address>0x5bd0</load_address>
         <run_address>0x5bd0</run_address>
         <size>0xf2</size>
         <input_file_ref idref="fl-2a"/>
      </object_component>
      <object_component id="oc-85">
         <name>.debug_info</name>
         <load_address>0x5cc2</load_address>
         <run_address>0x5cc2</run_address>
         <size>0x46</size>
         <input_file_ref idref="fl-2c"/>
      </object_component>
      <object_component id="oc-8a">
         <name>.debug_info</name>
         <load_address>0x5d08</load_address>
         <run_address>0x5d08</run_address>
         <size>0xad</size>
         <input_file_ref idref="fl-2c"/>
      </object_component>
      <object_component id="oc-8c">
         <name>.debug_info</name>
         <load_address>0x5db5</load_address>
         <run_address>0x5db5</run_address>
         <size>0x1ef</size>
         <input_file_ref idref="fl-2b"/>
      </object_component>
      <object_component id="oc-92">
         <name>.debug_info</name>
         <load_address>0x5fa4</load_address>
         <run_address>0x5fa4</run_address>
         <size>0xb7</size>
         <input_file_ref idref="fl-2b"/>
      </object_component>
      <object_component id="oc-93">
         <name>.debug_info</name>
         <load_address>0x605b</load_address>
         <run_address>0x605b</run_address>
         <size>0x39</size>
         <input_file_ref idref="fl-2b"/>
      </object_component>
      <object_component id="oc-99">
         <name>.debug_info</name>
         <load_address>0x6094</load_address>
         <run_address>0x6094</run_address>
         <size>0x1109</size>
         <input_file_ref idref="fl-c"/>
      </object_component>
      <object_component id="oc-9f">
         <name>.debug_info</name>
         <load_address>0x719d</load_address>
         <run_address>0x719d</run_address>
         <size>0xae</size>
         <input_file_ref idref="fl-2"/>
      </object_component>
      <object_component id="oc-a5">
         <name>.debug_info</name>
         <load_address>0x724b</load_address>
         <run_address>0x724b</run_address>
         <size>0x4c0</size>
         <input_file_ref idref="fl-13"/>
      </object_component>
      <object_component id="oc-ab">
         <name>.debug_info</name>
         <load_address>0x770b</load_address>
         <run_address>0x770b</run_address>
         <size>0x2e9</size>
         <input_file_ref idref="fl-23"/>
      </object_component>
      <object_component id="oc-ad">
         <name>.debug_info</name>
         <load_address>0x79f4</load_address>
         <run_address>0x79f4</run_address>
         <size>0xfe</size>
         <input_file_ref idref="fl-5"/>
      </object_component>
      <object_component id="oc-b4">
         <name>.debug_info</name>
         <load_address>0x7af2</load_address>
         <run_address>0x7af2</run_address>
         <size>0x18c</size>
         <input_file_ref idref="fl-2"/>
      </object_component>
      <object_component id="oc-b9">
         <name>.debug_info</name>
         <load_address>0x7c7e</load_address>
         <run_address>0x7c7e</run_address>
         <size>0x86</size>
         <input_file_ref idref="fl-2"/>
      </object_component>
      <object_component id="oc-c1">
         <name>.debug_info</name>
         <load_address>0x7d04</load_address>
         <run_address>0x7d04</run_address>
         <size>0x1db</size>
         <input_file_ref idref="fl-17"/>
      </object_component>
      <object_component id="oc-c7">
         <name>.debug_info</name>
         <load_address>0x7edf</load_address>
         <run_address>0x7edf</run_address>
         <size>0x35d</size>
         <input_file_ref idref="fl-24"/>
      </object_component>
      <object_component id="oc-c9">
         <name>.debug_info</name>
         <load_address>0x823c</load_address>
         <run_address>0x823c</run_address>
         <size>0x379</size>
         <input_file_ref idref="fl-20"/>
      </object_component>
      <object_component id="oc-ce">
         <name>.debug_info</name>
         <load_address>0x85b5</load_address>
         <run_address>0x85b5</run_address>
         <size>0x4b1</size>
         <input_file_ref idref="fl-21"/>
      </object_component>
      <object_component id="oc-d0">
         <name>.debug_info</name>
         <load_address>0x8a66</load_address>
         <run_address>0x8a66</run_address>
         <size>0x129</size>
         <input_file_ref idref="fl-8"/>
      </object_component>
      <object_component id="oc-d5">
         <name>.debug_info</name>
         <load_address>0x8b8f</load_address>
         <run_address>0x8b8f</run_address>
         <size>0x166</size>
         <input_file_ref idref="fl-8"/>
      </object_component>
      <object_component id="oc-d7">
         <name>.debug_info</name>
         <load_address>0x8cf5</load_address>
         <run_address>0x8cf5</run_address>
         <size>0x14b</size>
         <input_file_ref idref="fl-2d"/>
      </object_component>
      <object_component id="oc-df">
         <name>.debug_info</name>
         <load_address>0x8e40</load_address>
         <run_address>0x8e40</run_address>
         <size>0xc8</size>
         <input_file_ref idref="fl-36"/>
      </object_component>
      <object_component id="oc-e2">
         <name>.debug_info</name>
         <load_address>0x8f08</load_address>
         <run_address>0x8f08</run_address>
         <size>0xeb</size>
         <input_file_ref idref="fl-2e"/>
      </object_component>
      <object_component id="oc-e5">
         <name>.debug_info</name>
         <load_address>0x8ff3</load_address>
         <run_address>0x8ff3</run_address>
         <size>0x84</size>
         <input_file_ref idref="fl-2"/>
      </object_component>
      <object_component id="oc-ea">
         <name>.debug_info</name>
         <load_address>0x9077</load_address>
         <run_address>0x9077</run_address>
         <size>0x146</size>
         <input_file_ref idref="fl-2e"/>
      </object_component>
      <object_component id="oc-ed">
         <name>.debug_info</name>
         <load_address>0x91bd</load_address>
         <run_address>0x91bd</run_address>
         <size>0x2c</size>
         <input_file_ref idref="fl-2a"/>
      </object_component>
      <object_component id="oc-f4">
         <name>.debug_info</name>
         <load_address>0x91e9</load_address>
         <run_address>0x91e9</run_address>
         <size>0x2c</size>
         <input_file_ref idref="fl-a"/>
      </object_component>
      <object_component id="oc-ff">
         <name>.debug_info</name>
         <load_address>0x9215</load_address>
         <run_address>0x9215</run_address>
         <size>0x2ef</size>
         <input_file_ref idref="fl-c"/>
      </object_component>
      <object_component id="oc-100">
         <name>.debug_info</name>
         <load_address>0x9504</load_address>
         <run_address>0x9504</run_address>
         <size>0x18b</size>
         <input_file_ref idref="fl-2"/>
      </object_component>
      <object_component id="oc-105">
         <name>.debug_info</name>
         <load_address>0x968f</load_address>
         <run_address>0x968f</run_address>
         <size>0x2c</size>
         <input_file_ref idref="fl-2"/>
      </object_component>
      <object_component id="oc-10b">
         <name>.debug_info</name>
         <load_address>0x96bb</load_address>
         <run_address>0x96bb</run_address>
         <size>0x30e6</size>
         <input_file_ref idref="fl-15"/>
      </object_component>
      <object_component id="oc-111">
         <name>.debug_info</name>
         <load_address>0xc7a1</load_address>
         <run_address>0xc7a1</run_address>
         <size>0x2ec</size>
         <input_file_ref idref="fl-15"/>
      </object_component>
      <object_component id="oc-114">
         <name>.debug_info</name>
         <load_address>0xca8d</load_address>
         <run_address>0xca8d</run_address>
         <size>0x120</size>
         <input_file_ref idref="fl-12"/>
      </object_component>
      <object_component id="oc-119">
         <name>.debug_info</name>
         <load_address>0xcbad</load_address>
         <run_address>0xcbad</run_address>
         <size>0x1f2</size>
         <input_file_ref idref="fl-8"/>
      </object_component>
      <object_component id="oc-11e">
         <name>.debug_info</name>
         <load_address>0xcd9f</load_address>
         <run_address>0xcd9f</run_address>
         <size>0x435</size>
         <input_file_ref idref="fl-c"/>
      </object_component>
      <object_component id="oc-123">
         <name>.debug_info</name>
         <load_address>0xd1d4</load_address>
         <run_address>0xd1d4</run_address>
         <size>0x1d1</size>
         <input_file_ref idref="fl-9"/>
      </object_component>
      <object_component id="oc-128">
         <name>.debug_info</name>
         <load_address>0xd3a5</load_address>
         <run_address>0xd3a5</run_address>
         <size>0x642</size>
         <input_file_ref idref="fl-c"/>
      </object_component>
      <object_component id="oc-12d">
         <name>.debug_info</name>
         <load_address>0xd9e7</load_address>
         <run_address>0xd9e7</run_address>
         <size>0x13e</size>
         <input_file_ref idref="fl-c"/>
      </object_component>
      <object_component id="oc-132">
         <name>.debug_info</name>
         <load_address>0xdb25</load_address>
         <run_address>0xdb25</run_address>
         <size>0x2cf</size>
         <input_file_ref idref="fl-2"/>
      </object_component>
      <object_component id="oc-137">
         <name>.debug_info</name>
         <load_address>0xddf4</load_address>
         <run_address>0xddf4</run_address>
         <size>0x4f</size>
         <input_file_ref idref="fl-23"/>
      </object_component>
      <object_component id="oc-13d">
         <name>.debug_info</name>
         <load_address>0xde43</load_address>
         <run_address>0xde43</run_address>
         <size>0x15f</size>
         <input_file_ref idref="fl-2"/>
      </object_component>
      <object_component id="oc-13f">
         <name>.debug_info</name>
         <load_address>0xdfa2</load_address>
         <run_address>0xdfa2</run_address>
         <size>0xd0</size>
         <input_file_ref idref="fl-17"/>
      </object_component>
      <object_component id="oc-142">
         <name>.debug_info</name>
         <load_address>0xe072</load_address>
         <run_address>0xe072</run_address>
         <size>0x791</size>
         <input_file_ref idref="fl-2"/>
      </object_component>
      <object_component id="oc-147">
         <name>.debug_info</name>
         <load_address>0xe803</load_address>
         <run_address>0xe803</run_address>
         <size>0x4de</size>
         <input_file_ref idref="fl-b"/>
      </object_component>
      <object_component id="oc-14c">
         <name>.debug_info</name>
         <load_address>0xece1</load_address>
         <run_address>0xece1</run_address>
         <size>0x3ce</size>
         <input_file_ref idref="fl-c"/>
      </object_component>
      <object_component id="oc-151">
         <name>.debug_info</name>
         <load_address>0xf0af</load_address>
         <run_address>0xf0af</run_address>
         <size>0x437</size>
         <input_file_ref idref="fl-3"/>
      </object_component>
      <object_component id="oc-156">
         <name>.debug_info</name>
         <load_address>0xf4e6</load_address>
         <run_address>0xf4e6</run_address>
         <size>0x1ca</size>
         <input_file_ref idref="fl-c"/>
      </object_component>
      <object_component id="oc-15b">
         <name>.debug_info</name>
         <load_address>0xf6b0</load_address>
         <run_address>0xf6b0</run_address>
         <size>0x3d3</size>
         <input_file_ref idref="fl-a"/>
      </object_component>
      <object_component id="oc-160">
         <name>.debug_info</name>
         <load_address>0xfa83</load_address>
         <run_address>0xfa83</run_address>
         <size>0x1d8</size>
         <input_file_ref idref="fl-17"/>
      </object_component>
      <object_component id="oc-165">
         <name>.debug_info</name>
         <load_address>0xfc5b</load_address>
         <run_address>0xfc5b</run_address>
         <size>0x1de</size>
         <input_file_ref idref="fl-c"/>
      </object_component>
      <object_component id="oc-16a">
         <name>.debug_info</name>
         <load_address>0xfe39</load_address>
         <run_address>0xfe39</run_address>
         <size>0x2af</size>
         <input_file_ref idref="fl-1e"/>
      </object_component>
      <object_component id="oc-16f">
         <name>.debug_info</name>
         <load_address>0x100e8</load_address>
         <run_address>0x100e8</run_address>
         <size>0x4f2</size>
         <input_file_ref idref="fl-c"/>
      </object_component>
      <object_component id="oc-174">
         <name>.debug_info</name>
         <load_address>0x105da</load_address>
         <run_address>0x105da</run_address>
         <size>0x17a</size>
         <input_file_ref idref="fl-c"/>
      </object_component>
      <object_component id="oc-17c">
         <name>.debug_info</name>
         <load_address>0x10754</load_address>
         <run_address>0x10754</run_address>
         <size>0x37b</size>
         <input_file_ref idref="fl-c"/>
      </object_component>
      <object_component id="oc-184">
         <name>.debug_info</name>
         <load_address>0x10acf</load_address>
         <run_address>0x10acf</run_address>
         <size>0x148</size>
         <input_file_ref idref="fl-2d"/>
      </object_component>
      <object_component id="oc-186">
         <name>.debug_info</name>
         <load_address>0x10c17</load_address>
         <run_address>0x10c17</run_address>
         <size>0x1d4</size>
         <input_file_ref idref="fl-36"/>
      </object_component>
      <object_component id="oc-18d">
         <name>.debug_info</name>
         <load_address>0x10deb</load_address>
         <run_address>0x10deb</run_address>
         <size>0xd9</size>
         <input_file_ref idref="fl-36"/>
      </object_component>
      <object_component id="oc-195">
         <name>.debug_info</name>
         <load_address>0x10ec4</load_address>
         <run_address>0x10ec4</run_address>
         <size>0x194</size>
         <input_file_ref idref="fl-4"/>
      </object_component>
      <object_component id="oc-19a">
         <name>.debug_info</name>
         <load_address>0x11058</load_address>
         <run_address>0x11058</run_address>
         <size>0x116</size>
         <input_file_ref idref="fl-6"/>
      </object_component>
      <object_component id="oc-19f">
         <name>.debug_info</name>
         <load_address>0x1116e</load_address>
         <run_address>0x1116e</run_address>
         <size>0x22e</size>
         <input_file_ref idref="fl-7"/>
      </object_component>
      <object_component id="oc-1a4">
         <name>.debug_info</name>
         <load_address>0x1139c</load_address>
         <run_address>0x1139c</run_address>
         <size>0x243</size>
         <input_file_ref idref="fl-c"/>
      </object_component>
      <object_component id="oc-1a9">
         <name>.debug_info</name>
         <load_address>0x115df</load_address>
         <run_address>0x115df</run_address>
         <size>0x26c</size>
         <input_file_ref idref="fl-c"/>
      </object_component>
      <object_component id="oc-1af">
         <name>.debug_info</name>
         <load_address>0x1184b</load_address>
         <run_address>0x1184b</run_address>
         <size>0x84c</size>
         <input_file_ref idref="fl-12"/>
      </object_component>
      <object_component id="oc-1b5">
         <name>.debug_info</name>
         <load_address>0x12097</load_address>
         <run_address>0x12097</run_address>
         <size>0x4b0</size>
         <input_file_ref idref="fl-10"/>
      </object_component>
      <object_component id="oc-1bb">
         <name>.debug_info</name>
         <load_address>0x12547</load_address>
         <run_address>0x12547</run_address>
         <size>0xe9</size>
         <input_file_ref idref="fl-15"/>
      </object_component>
      <object_component id="oc-1be">
         <name>.debug_info</name>
         <load_address>0x12630</load_address>
         <run_address>0x12630</run_address>
         <size>0x745</size>
         <input_file_ref idref="fl-15"/>
      </object_component>
      <object_component id="oc-1c3">
         <name>.debug_info</name>
         <load_address>0x12d75</load_address>
         <run_address>0x12d75</run_address>
         <size>0x71a</size>
         <input_file_ref idref="fl-f"/>
      </object_component>
      <object_component id="oc-1c9">
         <name>.debug_info</name>
         <load_address>0x1348f</load_address>
         <run_address>0x1348f</run_address>
         <size>0xfc</size>
         <input_file_ref idref="fl-33"/>
      </object_component>
      <object_component id="oc-1d4">
         <name>.debug_info</name>
         <load_address>0x1358b</load_address>
         <run_address>0x1358b</run_address>
         <size>0xe1</size>
         <input_file_ref idref="fl-d"/>
      </object_component>
      <object_component id="oc-1d9">
         <name>.debug_info</name>
         <load_address>0x1366c</load_address>
         <run_address>0x1366c</run_address>
         <size>0x2c</size>
         <input_file_ref idref="fl-d"/>
      </object_component>
      <object_component id="oc-1de">
         <name>.debug_info</name>
         <load_address>0x13698</load_address>
         <run_address>0x13698</run_address>
         <size>0x2ab</size>
         <input_file_ref idref="fl-d"/>
      </object_component>
      <object_component id="oc-1e7">
         <name>.debug_info</name>
         <load_address>0x13943</load_address>
         <run_address>0x13943</run_address>
         <size>0xe9</size>
         <input_file_ref idref="fl-9"/>
      </object_component>
      <object_component id="oc-1ea">
         <name>.debug_info</name>
         <load_address>0x13a2c</load_address>
         <run_address>0x13a2c</run_address>
         <size>0x273</size>
         <input_file_ref idref="fl-2"/>
      </object_component>
      <object_component id="oc-1f1">
         <name>.debug_info</name>
         <load_address>0x13c9f</load_address>
         <run_address>0x13c9f</run_address>
         <size>0xc6</size>
         <input_file_ref idref="fl-17"/>
      </object_component>
      <object_component id="oc-1f6">
         <name>.debug_info</name>
         <load_address>0x13d65</load_address>
         <run_address>0x13d65</run_address>
         <size>0x14a</size>
         <input_file_ref idref="fl-b"/>
      </object_component>
      <object_component id="oc-1f7">
         <name>.debug_info</name>
         <load_address>0x13eaf</load_address>
         <run_address>0x13eaf</run_address>
         <size>0x153</size>
         <input_file_ref idref="fl-3"/>
      </object_component>
      <object_component id="oc-1f8">
         <name>.debug_info</name>
         <load_address>0x14002</load_address>
         <run_address>0x14002</run_address>
         <size>0x176</size>
         <input_file_ref idref="fl-a"/>
      </object_component>
      <object_component id="oc-1f9">
         <name>.debug_info</name>
         <load_address>0x14178</load_address>
         <run_address>0x14178</run_address>
         <size>0xef</size>
         <input_file_ref idref="fl-1e"/>
      </object_component>
      <object_component id="oc-1fc">
         <name>.debug_info</name>
         <load_address>0x14267</load_address>
         <run_address>0x14267</run_address>
         <size>0xcd</size>
         <input_file_ref idref="fl-2d"/>
      </object_component>
      <object_component id="oc-204">
         <name>.debug_info</name>
         <load_address>0x14334</load_address>
         <run_address>0x14334</run_address>
         <size>0x125</size>
         <input_file_ref idref="fl-4"/>
      </object_component>
      <object_component id="oc-205">
         <name>.debug_info</name>
         <load_address>0x14459</load_address>
         <run_address>0x14459</run_address>
         <size>0xe4</size>
         <input_file_ref idref="fl-6"/>
      </object_component>
      <object_component id="oc-206">
         <name>.debug_info</name>
         <load_address>0x1453d</load_address>
         <run_address>0x1453d</run_address>
         <size>0xe5</size>
         <input_file_ref idref="fl-7"/>
      </object_component>
      <object_component id="oc-208">
         <name>.debug_info</name>
         <load_address>0x14622</load_address>
         <run_address>0x14622</run_address>
         <size>0x24f</size>
         <input_file_ref idref="fl-12"/>
      </object_component>
      <object_component id="oc-20a">
         <name>.debug_info</name>
         <load_address>0x14871</load_address>
         <run_address>0x14871</run_address>
         <size>0x131</size>
         <input_file_ref idref="fl-10"/>
      </object_component>
      <object_component id="oc-20f">
         <name>.debug_info</name>
         <load_address>0x149a2</load_address>
         <run_address>0x149a2</run_address>
         <size>0x46</size>
         <input_file_ref idref="fl-e"/>
      </object_component>
      <object_component id="oc-214">
         <name>.debug_info</name>
         <load_address>0x149e8</load_address>
         <run_address>0x149e8</run_address>
         <size>0xd3</size>
         <input_file_ref idref="fl-15"/>
      </object_component>
      <object_component id="oc-219">
         <name>.debug_info</name>
         <load_address>0x14abb</load_address>
         <run_address>0x14abb</run_address>
         <size>0x14c</size>
         <input_file_ref idref="fl-d"/>
      </object_component>
      <object_component id="oc-21e">
         <name>.debug_info</name>
         <load_address>0x14c07</load_address>
         <run_address>0x14c07</run_address>
         <size>0x110</size>
         <input_file_ref idref="fl-e"/>
      </object_component>
      <object_component id="oc-224">
         <name>.debug_info</name>
         <load_address>0x14d17</load_address>
         <run_address>0x14d17</run_address>
         <size>0x1b4</size>
         <input_file_ref idref="fl-f"/>
      </object_component>
      <object_component id="oc-227">
         <name>.debug_info</name>
         <load_address>0x14ecb</load_address>
         <run_address>0x14ecb</run_address>
         <size>0xd2</size>
         <input_file_ref idref="fl-f"/>
      </object_component>
      <object_component id="oc-22a">
         <name>.debug_info</name>
         <load_address>0x14f9d</load_address>
         <run_address>0x14f9d</run_address>
         <size>0xd2</size>
         <input_file_ref idref="fl-f"/>
      </object_component>
      <object_component id="oc-22d">
         <name>.debug_info</name>
         <load_address>0x1506f</load_address>
         <run_address>0x1506f</run_address>
         <size>0x1fb</size>
         <input_file_ref idref="fl-f"/>
      </object_component>
      <object_component id="oc-22f">
         <name>.debug_info</name>
         <load_address>0x1526a</load_address>
         <run_address>0x1526a</run_address>
         <size>0x484</size>
         <input_file_ref idref="fl-d"/>
      </object_component>
      <object_component id="oc-233">
         <name>.debug_info</name>
         <load_address>0x156ee</load_address>
         <run_address>0x156ee</run_address>
         <size>0xda</size>
         <input_file_ref idref="fl-9"/>
      </object_component>
      <object_component id="oc-23a">
         <name>.debug_info</name>
         <load_address>0x157c8</load_address>
         <run_address>0x157c8</run_address>
         <size>0x44e</size>
         <input_file_ref idref="fl-b"/>
      </object_component>
      <object_component id="oc-241">
         <name>.debug_info</name>
         <load_address>0x15c16</load_address>
         <run_address>0x15c16</run_address>
         <size>0x15f</size>
         <input_file_ref idref="fl-3"/>
      </object_component>
      <object_component id="oc-248">
         <name>.debug_info</name>
         <load_address>0x15d75</load_address>
         <run_address>0x15d75</run_address>
         <size>0x2c9</size>
         <input_file_ref idref="fl-a"/>
      </object_component>
      <object_component id="oc-24f">
         <name>.debug_info</name>
         <load_address>0x1603e</load_address>
         <run_address>0x1603e</run_address>
         <size>0x242</size>
         <input_file_ref idref="fl-1e"/>
      </object_component>
      <object_component id="oc-256">
         <name>.debug_info</name>
         <load_address>0x16280</load_address>
         <run_address>0x16280</run_address>
         <size>0x174</size>
         <input_file_ref idref="fl-4"/>
      </object_component>
      <object_component id="oc-25d">
         <name>.debug_info</name>
         <load_address>0x163f4</load_address>
         <run_address>0x163f4</run_address>
         <size>0x155</size>
         <input_file_ref idref="fl-6"/>
      </object_component>
      <object_component id="oc-264">
         <name>.debug_info</name>
         <load_address>0x16549</load_address>
         <run_address>0x16549</run_address>
         <size>0x659</size>
         <input_file_ref idref="fl-7"/>
      </object_component>
      <object_component id="oc-26d">
         <name>.debug_info</name>
         <load_address>0x16ba2</load_address>
         <run_address>0x16ba2</run_address>
         <size>0x44e</size>
         <input_file_ref idref="fl-e"/>
      </object_component>
      <object_component id="oc-272">
         <name>.debug_info</name>
         <load_address>0x16ff0</load_address>
         <run_address>0x16ff0</run_address>
         <size>0x62</size>
         <input_file_ref idref="fl-f"/>
      </object_component>
      <object_component id="oc-27d">
         <name>.debug_info</name>
         <load_address>0x17052</load_address>
         <run_address>0x17052</run_address>
         <size>0xcc</size>
         <input_file_ref idref="fl-d"/>
      </object_component>
      <object_component id="oc-282">
         <name>.debug_info</name>
         <load_address>0x1711e</load_address>
         <run_address>0x1711e</run_address>
         <size>0x46</size>
         <input_file_ref idref="fl-d"/>
      </object_component>
      <object_component id="oc-289">
         <name>.debug_info</name>
         <load_address>0x17164</load_address>
         <run_address>0x17164</run_address>
         <size>0x39</size>
         <input_file_ref idref="fl-e"/>
      </object_component>
      <object_component id="oc-28e">
         <name>.debug_info</name>
         <load_address>0x1719d</load_address>
         <run_address>0x1719d</run_address>
         <size>0x62</size>
         <input_file_ref idref="fl-e"/>
      </object_component>
      <object_component id="oc-2b4">
         <name>.debug_info</name>
         <load_address>0x171ff</load_address>
         <run_address>0x171ff</run_address>
         <size>0xa3</size>
      </object_component>
      <object_component id="oc-19">
         <name>.debug_aranges</name>
         <load_address>0x0</load_address>
         <run_address>0x0</run_address>
         <size>0x20</size>
         <input_file_ref idref="fl-22"/>
      </object_component>
      <object_component id="oc-1f">
         <name>.debug_aranges</name>
         <load_address>0x20</load_address>
         <run_address>0x20</run_address>
         <size>0x20</size>
         <input_file_ref idref="fl-2a"/>
      </object_component>
      <object_component id="oc-24">
         <name>.debug_aranges</name>
         <load_address>0x40</load_address>
         <run_address>0x40</run_address>
         <size>0x20</size>
         <input_file_ref idref="fl-2c"/>
      </object_component>
      <object_component id="oc-2c">
         <name>.debug_aranges</name>
         <load_address>0x60</load_address>
         <run_address>0x60</run_address>
         <size>0x20</size>
         <input_file_ref idref="fl-2b"/>
      </object_component>
      <object_component id="oc-31">
         <name>.debug_aranges</name>
         <load_address>0x80</load_address>
         <run_address>0x80</run_address>
         <size>0x20</size>
         <input_file_ref idref="fl-8"/>
      </object_component>
      <object_component id="oc-3a">
         <name>.debug_aranges</name>
         <load_address>0xa0</load_address>
         <run_address>0xa0</run_address>
         <size>0x20</size>
         <input_file_ref idref="fl-1b"/>
      </object_component>
      <object_component id="oc-3f">
         <name>.debug_aranges</name>
         <load_address>0xc0</load_address>
         <run_address>0xc0</run_address>
         <size>0x20</size>
         <input_file_ref idref="fl-1f"/>
      </object_component>
      <object_component id="oc-46">
         <name>.debug_aranges</name>
         <load_address>0xe0</load_address>
         <run_address>0xe0</run_address>
         <size>0x40</size>
         <input_file_ref idref="fl-23"/>
      </object_component>
      <object_component id="oc-4b">
         <name>.debug_aranges</name>
         <load_address>0x120</load_address>
         <run_address>0x120</run_address>
         <size>0x20</size>
         <input_file_ref idref="fl-23"/>
      </object_component>
      <object_component id="oc-51">
         <name>.debug_aranges</name>
         <load_address>0x140</load_address>
         <run_address>0x140</run_address>
         <size>0x100</size>
         <input_file_ref idref="fl-1a"/>
      </object_component>
      <object_component id="oc-56">
         <name>.debug_aranges</name>
         <load_address>0x240</load_address>
         <run_address>0x240</run_address>
         <size>0x68</size>
         <input_file_ref idref="fl-24"/>
      </object_component>
      <object_component id="oc-5c">
         <name>.debug_aranges</name>
         <load_address>0x2a8</load_address>
         <run_address>0x2a8</run_address>
         <size>0x180</size>
         <input_file_ref idref="fl-21"/>
      </object_component>
      <object_component id="oc-62">
         <name>.debug_aranges</name>
         <load_address>0x428</load_address>
         <run_address>0x428</run_address>
         <size>0xa0</size>
         <input_file_ref idref="fl-8"/>
      </object_component>
      <object_component id="oc-68">
         <name>.debug_aranges</name>
         <load_address>0x4c8</load_address>
         <run_address>0x4c8</run_address>
         <size>0x28</size>
         <input_file_ref idref="fl-29"/>
      </object_component>
      <object_component id="oc-6d">
         <name>.debug_aranges</name>
         <load_address>0x4f0</load_address>
         <run_address>0x4f0</run_address>
         <size>0x20</size>
         <input_file_ref idref="fl-1c"/>
      </object_component>
      <object_component id="oc-73">
         <name>.debug_aranges</name>
         <load_address>0x510</load_address>
         <run_address>0x510</run_address>
         <size>0x30</size>
         <input_file_ref idref="fl-2e"/>
      </object_component>
      <object_component id="oc-7a">
         <name>.debug_aranges</name>
         <load_address>0x540</load_address>
         <run_address>0x540</run_address>
         <size>0x20</size>
         <input_file_ref idref="fl-32"/>
      </object_component>
      <object_component id="oc-8d">
         <name>.debug_aranges</name>
         <load_address>0x560</load_address>
         <run_address>0x560</run_address>
         <size>0x20</size>
         <input_file_ref idref="fl-2b"/>
      </object_component>
      <object_component id="oc-9a">
         <name>.debug_aranges</name>
         <load_address>0x580</load_address>
         <run_address>0x580</run_address>
         <size>0xb8</size>
         <input_file_ref idref="fl-c"/>
      </object_component>
      <object_component id="oc-a6">
         <name>.debug_aranges</name>
         <load_address>0x638</load_address>
         <run_address>0x638</run_address>
         <size>0x90</size>
         <input_file_ref idref="fl-13"/>
      </object_component>
      <object_component id="oc-ae">
         <name>.debug_aranges</name>
         <load_address>0x6c8</load_address>
         <run_address>0x6c8</run_address>
         <size>0x20</size>
         <input_file_ref idref="fl-5"/>
      </object_component>
      <object_component id="oc-c2">
         <name>.debug_aranges</name>
         <load_address>0x6e8</load_address>
         <run_address>0x6e8</run_address>
         <size>0x28</size>
         <input_file_ref idref="fl-17"/>
      </object_component>
      <object_component id="oc-ca">
         <name>.debug_aranges</name>
         <load_address>0x710</load_address>
         <run_address>0x710</run_address>
         <size>0x78</size>
         <input_file_ref idref="fl-20"/>
      </object_component>
      <object_component id="oc-d8">
         <name>.debug_aranges</name>
         <load_address>0x788</load_address>
         <run_address>0x788</run_address>
         <size>0x20</size>
         <input_file_ref idref="fl-2d"/>
      </object_component>
      <object_component id="oc-10c">
         <name>.debug_aranges</name>
         <load_address>0x7a8</load_address>
         <run_address>0x7a8</run_address>
         <size>0x150</size>
         <input_file_ref idref="fl-15"/>
      </object_component>
      <object_component id="oc-187">
         <name>.debug_aranges</name>
         <load_address>0x8f8</load_address>
         <run_address>0x8f8</run_address>
         <size>0x30</size>
         <input_file_ref idref="fl-36"/>
      </object_component>
      <object_component id="oc-1b0">
         <name>.debug_aranges</name>
         <load_address>0x928</load_address>
         <run_address>0x928</run_address>
         <size>0x50</size>
         <input_file_ref idref="fl-12"/>
      </object_component>
      <object_component id="oc-1b6">
         <name>.debug_aranges</name>
         <load_address>0x978</load_address>
         <run_address>0x978</run_address>
         <size>0x40</size>
         <input_file_ref idref="fl-10"/>
      </object_component>
      <object_component id="oc-1c4">
         <name>.debug_aranges</name>
         <load_address>0x9b8</load_address>
         <run_address>0x9b8</run_address>
         <size>0x50</size>
         <input_file_ref idref="fl-f"/>
      </object_component>
      <object_component id="oc-1ca">
         <name>.debug_aranges</name>
         <load_address>0xa08</load_address>
         <run_address>0xa08</run_address>
         <size>0x28</size>
         <input_file_ref idref="fl-33"/>
      </object_component>
      <object_component id="oc-1a">
         <name>.debug_pubnames</name>
         <load_address>0x0</load_address>
         <run_address>0x0</run_address>
         <size>0x1f</size>
         <input_file_ref idref="fl-22"/>
      </object_component>
      <object_component id="oc-20">
         <name>.debug_pubnames</name>
         <load_address>0x1f</load_address>
         <run_address>0x1f</run_address>
         <size>0x2b</size>
         <input_file_ref idref="fl-2a"/>
      </object_component>
      <object_component id="oc-26">
         <name>.debug_pubnames</name>
         <load_address>0x4a</load_address>
         <run_address>0x4a</run_address>
         <size>0x25</size>
         <input_file_ref idref="fl-2c"/>
      </object_component>
      <object_component id="oc-2b">
         <name>.debug_pubnames</name>
         <load_address>0x6f</load_address>
         <run_address>0x6f</run_address>
         <size>0x2c</size>
         <input_file_ref idref="fl-2b"/>
      </object_component>
      <object_component id="oc-32">
         <name>.debug_pubnames</name>
         <load_address>0x9b</load_address>
         <run_address>0x9b</run_address>
         <size>0x27</size>
         <input_file_ref idref="fl-8"/>
      </object_component>
      <object_component id="oc-37">
         <name>.debug_pubnames</name>
         <load_address>0xc2</load_address>
         <run_address>0xc2</run_address>
         <size>0x21</size>
         <input_file_ref idref="fl-23"/>
      </object_component>
      <object_component id="oc-3b">
         <name>.debug_pubnames</name>
         <load_address>0xe3</load_address>
         <run_address>0xe3</run_address>
         <size>0x38</size>
         <input_file_ref idref="fl-1b"/>
      </object_component>
      <object_component id="oc-40">
         <name>.debug_pubnames</name>
         <load_address>0x11b</load_address>
         <run_address>0x11b</run_address>
         <size>0x27</size>
         <input_file_ref idref="fl-1f"/>
      </object_component>
      <object_component id="oc-47">
         <name>.debug_pubnames</name>
         <load_address>0x142</load_address>
         <run_address>0x142</run_address>
         <size>0x75</size>
         <input_file_ref idref="fl-23"/>
      </object_component>
      <object_component id="oc-4c">
         <name>.debug_pubnames</name>
         <load_address>0x1b7</load_address>
         <run_address>0x1b7</run_address>
         <size>0x2c</size>
         <input_file_ref idref="fl-23"/>
      </object_component>
      <object_component id="oc-52">
         <name>.debug_pubnames</name>
         <load_address>0x1e3</load_address>
         <run_address>0x1e3</run_address>
         <size>0x440</size>
         <input_file_ref idref="fl-1a"/>
      </object_component>
      <object_component id="oc-57">
         <name>.debug_pubnames</name>
         <load_address>0x623</load_address>
         <run_address>0x623</run_address>
         <size>0xc5</size>
         <input_file_ref idref="fl-24"/>
      </object_component>
      <object_component id="oc-5d">
         <name>.debug_pubnames</name>
         <load_address>0x6e8</load_address>
         <run_address>0x6e8</run_address>
         <size>0x37f</size>
         <input_file_ref idref="fl-21"/>
      </object_component>
      <object_component id="oc-63">
         <name>.debug_pubnames</name>
         <load_address>0xa67</load_address>
         <run_address>0xa67</run_address>
         <size>0x188</size>
         <input_file_ref idref="fl-8"/>
      </object_component>
      <object_component id="oc-69">
         <name>.debug_pubnames</name>
         <load_address>0xbef</load_address>
         <run_address>0xbef</run_address>
         <size>0x37</size>
         <input_file_ref idref="fl-29"/>
      </object_component>
      <object_component id="oc-6e">
         <name>.debug_pubnames</name>
         <load_address>0xc26</load_address>
         <run_address>0xc26</run_address>
         <size>0x1b</size>
         <input_file_ref idref="fl-1c"/>
      </object_component>
      <object_component id="oc-74">
         <name>.debug_pubnames</name>
         <load_address>0xc41</load_address>
         <run_address>0xc41</run_address>
         <size>0x35</size>
         <input_file_ref idref="fl-2e"/>
      </object_component>
      <object_component id="oc-7b">
         <name>.debug_pubnames</name>
         <load_address>0xc76</load_address>
         <run_address>0xc76</run_address>
         <size>0x1d</size>
         <input_file_ref idref="fl-32"/>
      </object_component>
      <object_component id="oc-8e">
         <name>.debug_pubnames</name>
         <load_address>0xc93</load_address>
         <run_address>0xc93</run_address>
         <size>0x2f</size>
         <input_file_ref idref="fl-2b"/>
      </object_component>
      <object_component id="oc-9b">
         <name>.debug_pubnames</name>
         <load_address>0xcc2</load_address>
         <run_address>0xcc2</run_address>
         <size>0x1f6</size>
         <input_file_ref idref="fl-c"/>
      </object_component>
      <object_component id="oc-a7">
         <name>.debug_pubnames</name>
         <load_address>0xeb8</load_address>
         <run_address>0xeb8</run_address>
         <size>0x25b</size>
         <input_file_ref idref="fl-13"/>
      </object_component>
      <object_component id="oc-af">
         <name>.debug_pubnames</name>
         <load_address>0x1113</load_address>
         <run_address>0x1113</run_address>
         <size>0x34</size>
         <input_file_ref idref="fl-5"/>
      </object_component>
      <object_component id="oc-c3">
         <name>.debug_pubnames</name>
         <load_address>0x1147</load_address>
         <run_address>0x1147</run_address>
         <size>0x37</size>
         <input_file_ref idref="fl-17"/>
      </object_component>
      <object_component id="oc-cb">
         <name>.debug_pubnames</name>
         <load_address>0x117e</load_address>
         <run_address>0x117e</run_address>
         <size>0x1bc</size>
         <input_file_ref idref="fl-20"/>
      </object_component>
      <object_component id="oc-d9">
         <name>.debug_pubnames</name>
         <load_address>0x133a</load_address>
         <run_address>0x133a</run_address>
         <size>0x1e</size>
         <input_file_ref idref="fl-2d"/>
      </object_component>
      <object_component id="oc-e0">
         <name>.debug_pubnames</name>
         <load_address>0x1358</load_address>
         <run_address>0x1358</run_address>
         <size>0x28</size>
         <input_file_ref idref="fl-36"/>
      </object_component>
      <object_component id="oc-e3">
         <name>.debug_pubnames</name>
         <load_address>0x1380</load_address>
         <run_address>0x1380</run_address>
         <size>0x3a</size>
         <input_file_ref idref="fl-2e"/>
      </object_component>
      <object_component id="oc-10d">
         <name>.debug_pubnames</name>
         <load_address>0x13ba</load_address>
         <run_address>0x13ba</run_address>
         <size>0x3e2</size>
         <input_file_ref idref="fl-15"/>
      </object_component>
      <object_component id="oc-112">
         <name>.debug_pubnames</name>
         <load_address>0x179c</load_address>
         <run_address>0x179c</run_address>
         <size>0x108</size>
         <input_file_ref idref="fl-15"/>
      </object_component>
      <object_component id="oc-115">
         <name>.debug_pubnames</name>
         <load_address>0x18a4</load_address>
         <run_address>0x18a4</run_address>
         <size>0x40</size>
         <input_file_ref idref="fl-12"/>
      </object_component>
      <object_component id="oc-188">
         <name>.debug_pubnames</name>
         <load_address>0x18e4</load_address>
         <run_address>0x18e4</run_address>
         <size>0x43</size>
         <input_file_ref idref="fl-36"/>
      </object_component>
      <object_component id="oc-1b1">
         <name>.debug_pubnames</name>
         <load_address>0x1927</load_address>
         <run_address>0x1927</run_address>
         <size>0xc9</size>
         <input_file_ref idref="fl-12"/>
      </object_component>
      <object_component id="oc-1b7">
         <name>.debug_pubnames</name>
         <load_address>0x19f0</load_address>
         <run_address>0x19f0</run_address>
         <size>0x72</size>
         <input_file_ref idref="fl-10"/>
      </object_component>
      <object_component id="oc-1bc">
         <name>.debug_pubnames</name>
         <load_address>0x1a62</load_address>
         <run_address>0x1a62</run_address>
         <size>0x28</size>
         <input_file_ref idref="fl-15"/>
      </object_component>
      <object_component id="oc-1bf">
         <name>.debug_pubnames</name>
         <load_address>0x1a8a</load_address>
         <run_address>0x1a8a</run_address>
         <size>0xbc</size>
         <input_file_ref idref="fl-15"/>
      </object_component>
      <object_component id="oc-1c5">
         <name>.debug_pubnames</name>
         <load_address>0x1b46</load_address>
         <run_address>0x1b46</run_address>
         <size>0xb7</size>
         <input_file_ref idref="fl-f"/>
      </object_component>
      <object_component id="oc-1cb">
         <name>.debug_pubnames</name>
         <load_address>0x1bfd</load_address>
         <run_address>0x1bfd</run_address>
         <size>0x37</size>
         <input_file_ref idref="fl-33"/>
      </object_component>
      <object_component id="oc-225">
         <name>.debug_pubnames</name>
         <load_address>0x1c34</load_address>
         <run_address>0x1c34</run_address>
         <size>0x82</size>
         <input_file_ref idref="fl-f"/>
      </object_component>
      <object_component id="oc-228">
         <name>.debug_pubnames</name>
         <load_address>0x1cb6</load_address>
         <run_address>0x1cb6</run_address>
         <size>0x1d</size>
         <input_file_ref idref="fl-f"/>
      </object_component>
      <object_component id="oc-22b">
         <name>.debug_pubnames</name>
         <load_address>0x1cd3</load_address>
         <run_address>0x1cd3</run_address>
         <size>0x1d</size>
         <input_file_ref idref="fl-f"/>
      </object_component>
      <object_component id="oc-230">
         <name>.debug_pubnames</name>
         <load_address>0x1cf0</load_address>
         <run_address>0x1cf0</run_address>
         <size>0xa5</size>
         <input_file_ref idref="fl-d"/>
      </object_component>
      <object_component id="oc-1b">
         <name>.debug_line</name>
         <load_address>0x0</load_address>
         <run_address>0x0</run_address>
         <size>0xdf</size>
         <input_file_ref idref="fl-22"/>
      </object_component>
      <object_component id="oc-21">
         <name>.debug_line</name>
         <load_address>0xdf</load_address>
         <run_address>0xdf</run_address>
         <size>0x52</size>
         <input_file_ref idref="fl-2a"/>
      </object_component>
      <object_component id="oc-27">
         <name>.debug_line</name>
         <load_address>0x131</load_address>
         <run_address>0x131</run_address>
         <size>0x4c</size>
         <input_file_ref idref="fl-2c"/>
      </object_component>
      <object_component id="oc-2d">
         <name>.debug_line</name>
         <load_address>0x17d</load_address>
         <run_address>0x17d</run_address>
         <size>0x4b</size>
         <input_file_ref idref="fl-2b"/>
      </object_component>
      <object_component id="oc-33">
         <name>.debug_line</name>
         <load_address>0x1c8</load_address>
         <run_address>0x1c8</run_address>
         <size>0x79</size>
         <input_file_ref idref="fl-8"/>
      </object_component>
      <object_component id="oc-3c">
         <name>.debug_line</name>
         <load_address>0x241</load_address>
         <run_address>0x241</run_address>
         <size>0x4f</size>
         <input_file_ref idref="fl-1b"/>
      </object_component>
      <object_component id="oc-41">
         <name>.debug_line</name>
         <load_address>0x290</load_address>
         <run_address>0x290</run_address>
         <size>0x4b</size>
         <input_file_ref idref="fl-1f"/>
      </object_component>
      <object_component id="oc-48">
         <name>.debug_line</name>
         <load_address>0x2db</load_address>
         <run_address>0x2db</run_address>
         <size>0x189</size>
         <input_file_ref idref="fl-23"/>
      </object_component>
      <object_component id="oc-4d">
         <name>.debug_line</name>
         <load_address>0x464</load_address>
         <run_address>0x464</run_address>
         <size>0xa6</size>
         <input_file_ref idref="fl-23"/>
      </object_component>
      <object_component id="oc-53">
         <name>.debug_line</name>
         <load_address>0x50a</load_address>
         <run_address>0x50a</run_address>
         <size>0x2c1</size>
         <input_file_ref idref="fl-1a"/>
      </object_component>
      <object_component id="oc-58">
         <name>.debug_line</name>
         <load_address>0x7cb</load_address>
         <run_address>0x7cb</run_address>
         <size>0x234</size>
         <input_file_ref idref="fl-24"/>
      </object_component>
      <object_component id="oc-5e">
         <name>.debug_line</name>
         <load_address>0x9ff</load_address>
         <run_address>0x9ff</run_address>
         <size>0xed4</size>
         <input_file_ref idref="fl-21"/>
      </object_component>
      <object_component id="oc-64">
         <name>.debug_line</name>
         <load_address>0x18d3</load_address>
         <run_address>0x18d3</run_address>
         <size>0x286</size>
         <input_file_ref idref="fl-8"/>
      </object_component>
      <object_component id="oc-6a">
         <name>.debug_line</name>
         <load_address>0x1b59</load_address>
         <run_address>0x1b59</run_address>
         <size>0x87</size>
         <input_file_ref idref="fl-29"/>
      </object_component>
      <object_component id="oc-6f">
         <name>.debug_line</name>
         <load_address>0x1be0</load_address>
         <run_address>0x1be0</run_address>
         <size>0x48</size>
         <input_file_ref idref="fl-1c"/>
      </object_component>
      <object_component id="oc-75">
         <name>.debug_line</name>
         <load_address>0x1c28</load_address>
         <run_address>0x1c28</run_address>
         <size>0x80</size>
         <input_file_ref idref="fl-2e"/>
      </object_component>
      <object_component id="oc-7c">
         <name>.debug_line</name>
         <load_address>0x1ca8</load_address>
         <run_address>0x1ca8</run_address>
         <size>0x88</size>
         <input_file_ref idref="fl-32"/>
      </object_component>
      <object_component id="oc-81">
         <name>.debug_line</name>
         <load_address>0x1d30</load_address>
         <run_address>0x1d30</run_address>
         <size>0x3a</size>
         <input_file_ref idref="fl-2a"/>
      </object_component>
      <object_component id="oc-88">
         <name>.debug_line</name>
         <load_address>0x1d6a</load_address>
         <run_address>0x1d6a</run_address>
         <size>0x34</size>
         <input_file_ref idref="fl-2c"/>
      </object_component>
      <object_component id="oc-8f">
         <name>.debug_line</name>
         <load_address>0x1d9e</load_address>
         <run_address>0x1d9e</run_address>
         <size>0x8d</size>
         <input_file_ref idref="fl-2b"/>
      </object_component>
      <object_component id="oc-96">
         <name>.debug_line</name>
         <load_address>0x1e2b</load_address>
         <run_address>0x1e2b</run_address>
         <size>0x39</size>
         <input_file_ref idref="fl-2b"/>
      </object_component>
      <object_component id="oc-9c">
         <name>.debug_line</name>
         <load_address>0x1e64</load_address>
         <run_address>0x1e64</run_address>
         <size>0x1eb</size>
         <input_file_ref idref="fl-c"/>
      </object_component>
      <object_component id="oc-a2">
         <name>.debug_line</name>
         <load_address>0x204f</load_address>
         <run_address>0x204f</run_address>
         <size>0x68</size>
         <input_file_ref idref="fl-2"/>
      </object_component>
      <object_component id="oc-a8">
         <name>.debug_line</name>
         <load_address>0x20b7</load_address>
         <run_address>0x20b7</run_address>
         <size>0x208</size>
         <input_file_ref idref="fl-13"/>
      </object_component>
      <object_component id="oc-aa">
         <name>.debug_line</name>
         <load_address>0x22bf</load_address>
         <run_address>0x22bf</run_address>
         <size>0x37</size>
         <input_file_ref idref="fl-23"/>
      </object_component>
      <object_component id="oc-b0">
         <name>.debug_line</name>
         <load_address>0x22f6</load_address>
         <run_address>0x22f6</run_address>
         <size>0x76</size>
         <input_file_ref idref="fl-5"/>
      </object_component>
      <object_component id="oc-b7">
         <name>.debug_line</name>
         <load_address>0x236c</load_address>
         <run_address>0x236c</run_address>
         <size>0x63</size>
         <input_file_ref idref="fl-2"/>
      </object_component>
      <object_component id="oc-bc">
         <name>.debug_line</name>
         <load_address>0x23cf</load_address>
         <run_address>0x23cf</run_address>
         <size>0x66</size>
         <input_file_ref idref="fl-2"/>
      </object_component>
      <object_component id="oc-c4">
         <name>.debug_line</name>
         <load_address>0x2435</load_address>
         <run_address>0x2435</run_address>
         <size>0x7e</size>
         <input_file_ref idref="fl-17"/>
      </object_component>
      <object_component id="oc-cc">
         <name>.debug_line</name>
         <load_address>0x24b3</load_address>
         <run_address>0x24b3</run_address>
[...]
         <value>0xdc38</value>
         <object_component_ref idref="oc-4f"/>
      </symbol>
      <symbol id="sm-479">
         <name>_coreClearDataFault_</name>
         <value>0xdcbc</value>
         <object_component_ref idref="oc-4f"/>
      </symbol>
      <symbol id="sm-47a">
         <name>_coreGetAuxiliaryDataFault_</name>
         <value>0xdd24</value>
         <object_component_ref idref="oc-4f"/>
      </symbol>
      <symbol id="sm-47b">
         <name>_enable_interrupt_</name>
         <value>0xdd74</value>
         <object_component_ref idref="oc-4f"/>
      </symbol>
      <symbol id="sm-47c">
         <name>_coreClearAuxiliaryInstructionFault_</name>
         <value>0xdd48</value>
         <object_component_ref idref="oc-4f"/>
      </symbol>
      <symbol id="sm-47d">
         <name>_coreDisableRamEcc_</name>
         <value>0xdc50</value>
         <object_component_ref idref="oc-4f"/>
      </symbol>
      <symbol id="sm-47e">
         <name>_coreGetDataFaultAddress_</name>
         <value>0xdcec</value>
         <object_component_ref idref="oc-4f"/>
      </symbol>
      <symbol id="sm-47f">
         <name>_coreClearInstructionFault_</name>
         <value>0xdcd8</value>
         <object_component_ref idref="oc-4f"/>
      </symbol>
      <symbol id="sm-480">
         <name>_getCPSRValue_</name>
         <value>0xdbe8</value>
         <object_component_ref idref="oc-4f"/>
      </symbol>
      <symbol id="sm-481">
         <name>__TI_PINIT_Limit</name>
         <value>0xde20</value>
         <object_component_ref idref="oc-4f"/>
      </symbol>
      <symbol id="sm-482">
         <name>_coreEnableFlashEcc_</name>
         <value>0xdc68</value>
         <object_component_ref idref="oc-4f"/>
      </symbol>
      <symbol id="sm-483">
         <name>_disable_FIQ_interrupt_</name>
         <value>0xdd64</value>
         <object_component_ref idref="oc-4f"/>
      </symbol>
      <symbol id="sm-484">
         <name>_coreGetAuxiliaryInstructionFault_</name>
         <value>0xdd40</value>
         <object_component_ref idref="oc-4f"/>
      </symbol>
      <symbol id="sm-485">
         <name>_coreInitStackPointer_</name>
         <value>0xdb9c</value>
         <object_component_ref idref="oc-4f"/>
      </symbol>
      <symbol id="sm-486">
         <name>_esmCcmErrorsClear_</name>
         <value>0xdd7c</value>
         <object_component_ref idref="oc-4f"/>
      </symbol>
      <symbol id="sm-487">
         <name>_gotoCPUIdle_</name>
         <value>0xdbf0</value>
         <object_component_ref idref="oc-4f"/>
      </symbol>
      <symbol id="sm-488">
         <name>_coreEnableIrqVicOffset_</name>
         <value>0xdc9c</value>
         <object_component_ref idref="oc-4f"/>
      </symbol>
      <symbol id="sm-489">
         <name>_coreGetInstructionFault_</name>
         <value>0xdcd0</value>
         <object_component_ref idref="oc-4f"/>
      </symbol>
      <symbol id="sm-48a">
         <name>_coreClearAuxiliaryDataFault_</name>
         <value>0xdd2c</value>
         <object_component_ref idref="oc-4f"/>
      </symbol>
      <symbol id="sm-48b">
         <name>_coreEnableEventBusExport_</name>
         <value>0xdc08</value>
         <object_component_ref idref="oc-4f"/>
      </symbol>
      <symbol id="sm-496">
         <name>resetEntry</name>
         <value>0x0</value>
         <object_component_ref idref="oc-38"/>
      </symbol>
      <symbol id="sm-4a0">
         <name>main</name>
         <value>0xea10</value>
         <object_component_ref idref="oc-6b"/>
      </symbol>
      <symbol id="sm-4b9">
         <name>phantomInterrupt</name>
         <value>0xea0c</value>
         <object_component_ref idref="oc-3d"/>
      </symbol>
      <symbol id="sm-4c2">
         <name>_pmuResetCounters_</name>
         <value>0xe754</value>
         <object_component_ref idref="oc-c8"/>
      </symbol>
      <symbol id="sm-4c3">
         <name>_pmuGetEventCount_</name>
         <value>0xe794</value>
         <object_component_ref idref="oc-c8"/>
      </symbol>
      <symbol id="sm-4c4">
         <name>_pmuResetEventCounters_</name>
         <value>0xe73c</value>
         <object_component_ref idref="oc-c8"/>
      </symbol>
      <symbol id="sm-4c5">
         <name>_pmuStopCounters_</name>
         <value>0xe774</value>
         <object_component_ref idref="oc-c8"/>
      </symbol>
      <symbol id="sm-4c6">
         <name>_pmuInit_</name>
         <value>0xe6a4</value>
         <object_component_ref idref="oc-c8"/>
      </symbol>
      <symbol id="sm-4c7">
         <name>_pmuGetOverflow_</name>
         <value>0xe7a4</value>
         <object_component_ref idref="oc-c8"/>
      </symbol>
      <symbol id="sm-4c8">
         <name>_pmuResetCycleCounter_</name>
         <value>0xe724</value>
         <object_component_ref idref="oc-c8"/>
      </symbol>
      <symbol id="sm-4c9">
         <name>_pmuSetCountEvent_</name>
         <value>0xe77c</value>
         <object_component_ref idref="oc-c8"/>
      </symbol>
      <symbol id="sm-4ca">
         <name>_pmuGetCycleCount_</name>
         <value>0xe78c</value>
         <object_component_ref idref="oc-c8"/>
      </symbol>
      <symbol id="sm-4cb">
         <name>_pmuEnableCountersGlobal_</name>
         <value>0xe6f4</value>
         <object_component_ref idref="oc-c8"/>
      </symbol>
      <symbol id="sm-4cc">
         <name>_pmuDisableCountersGlobal_</name>
         <value>0xe70c</value>
         <object_component_ref idref="oc-c8"/>
      </symbol>
      <symbol id="sm-4cd">
         <name>_pmuStartCounters_</name>
         <value>0xe76c</value>
         <object_component_ref idref="oc-c8"/>
      </symbol>
      <symbol id="sm-630">
         <name>pbistSelfCheck</name>
         <value>0x82cc</value>
         <object_component_ref idref="oc-5a"/>
      </symbol>
      <symbol id="sm-631">
         <name>fmcBus1ParityCheck</name>
         <value>0x9bf0</value>
         <object_component_ref idref="oc-5a"/>
      </symbol>
      <symbol id="sm-632">
         <name>can1ParityCheck</name>
         <value>0x909c</value>
         <object_component_ref idref="oc-5a"/>
      </symbol>
      <symbol id="sm-633">
         <name>enableParity</name>
         <value>0xa3d0</value>
         <object_component_ref idref="oc-5a"/>
      </symbol>
      <symbol id="sm-634">
         <name>custom_dabort</name>
         <value>0x8dd4</value>
         <object_component_ref idref="oc-5a"/>
      </symbol>
      <symbol id="sm-635">
         <name>memoryInit</name>
         <value>0x8174</value>
         <object_component_ref idref="oc-5a"/>
      </symbol>
      <symbol id="sm-636">
         <name>stcSelfCheck</name>
         <value>0x81b8</value>
         <object_component_ref idref="oc-5a"/>
      </symbol>
      <symbol id="sm-637">
         <name>efcGetConfigValue</name>
         <value>0x9f8c</value>
         <object_component_ref idref="oc-5a"/>
      </symbol>
      <symbol id="sm-638">
         <name>can2ParityCheck</name>
         <value>0x9178</value>
         <object_component_ref idref="oc-5a"/>
      </symbol>
      <symbol id="sm-639">
         <name>het1ParityCheck</name>
         <value>0x8e8c</value>
         <object_component_ref idref="oc-5a"/>
      </symbol>
      <symbol id="sm-63a">
         <name>adc1ParityCheck</name>
         <value>0x8fe4</value>
         <object_component_ref idref="oc-5a"/>
      </symbol>
      <symbol id="sm-63b">
         <name>checkefcSelfTest</name>
         <value>0x879c</value>
         <object_component_ref idref="oc-5a"/>
      </symbol>
      <symbol id="sm-63c">
         <name>checkRAMECC</name>
         <value>0x939c</value>
         <object_component_ref idref="oc-5a"/>
      </symbol>
      <symbol id="sm-63d">
         <name>stcSelfCheckFail</name>
         <value>0x8dd8</value>
         <object_component_ref idref="oc-5a"/>
      </symbol>
      <symbol id="sm-63e">
         <name>ccmSelfCheck</name>
         <value>0x8030</value>
         <object_component_ref idref="oc-5a"/>
      </symbol>
      <symbol id="sm-63f">
         <name>efcCheck</name>
         <value>0x8640</value>
         <object_component_ref idref="oc-5a"/>
      </symbol>
      <symbol id="sm-640">
         <name>cpuSelfTest</name>
         <value>0x8234</value>
         <object_component_ref idref="oc-5a"/>
      </symbol>
      <symbol id="sm-641">
         <name>htu1ParityCheck</name>
         <value>0x8f2c</value>
         <object_component_ref idref="oc-5a"/>
      </symbol>
      <symbol id="sm-642">
         <name>checkFlashECC</name>
         <value>0x8cf8</value>
         <object_component_ref idref="oc-5a"/>
      </symbol>
      <symbol id="sm-643">
         <name>cpuSelfTestFail</name>
         <value>0x8ddc</value>
         <object_component_ref idref="oc-5a"/>
      </symbol>
      <symbol id="sm-644">
         <name>checkPLL1Slip</name>
         <value>0x9860</value>
         <object_component_ref idref="oc-5a"/>
      </symbol>
      <symbol id="sm-645">
         <name>mibspi1ParityCheck</name>
         <value>0x9240</value>
         <object_component_ref idref="oc-5a"/>
      </symbol>
      <symbol id="sm-646">
         <name>ccmr4GetConfigValue</name>
         <value>0xa024</value>
         <object_component_ref idref="oc-5a"/>
      </symbol>
      <symbol id="sm-647">
         <name>pbistPortTestStatus</name>
         <value>0x85f8</value>
         <object_component_ref idref="oc-5a"/>
      </symbol>
      <symbol id="sm-648">
         <name>checkFlashEEPROMECC</name>
         <value>0x96b8</value>
         <object_component_ref idref="oc-5a"/>
      </symbol>
      <symbol id="sm-649">
         <name>pbistGetConfigValue</name>
         <value>0x9da4</value>
         <object_component_ref idref="oc-5a"/>
      </symbol>
      <symbol id="sm-64a">
         <name>vimParityCheck</name>
         <value>0x8de0</value>
         <object_component_ref idref="oc-5a"/>
      </symbol>
      <symbol id="sm-64b">
         <name>pbistIsTestCompleted</name>
         <value>0x85a8</value>
         <object_component_ref idref="oc-5a"/>
      </symbol>
      <symbol id="sm-64c">
         <name>disableParity</name>
         <value>0xa41c</value>
         <object_component_ref idref="oc-5a"/>
      </symbol>
      <symbol id="sm-64d">
         <name>pbistRun</name>
         <value>0x84ac</value>
         <object_component_ref idref="oc-5a"/>
      </symbol>
      <symbol id="sm-64e">
         <name>pbistFail</name>
         <value>0x9d1c</value>
         <object_component_ref idref="oc-5a"/>
      </symbol>
      <symbol id="sm-64f">
         <name>selftestFailNotification</name>
         <value>0x8020</value>
         <object_component_ref idref="oc-5a"/>
      </symbol>
      <symbol id="sm-650">
         <name>errata_PBIST_4</name>
         <value>0xa0a0</value>
         <object_component_ref idref="oc-5a"/>
      </symbol>
      <symbol id="sm-651">
         <name>efcSelfTest</name>
         <value>0x8774</value>
         <object_component_ref idref="oc-5a"/>
      </symbol>
      <symbol id="sm-652">
         <name>checkB1RAMECC</name>
         <value>0x8b08</value>
         <object_component_ref idref="oc-5a"/>
      </symbol>
      <symbol id="sm-653">
         <name>pbistStop</name>
         <value>0x8578</value>
         <object_component_ref idref="oc-5a"/>
      </symbol>
      <symbol id="sm-654">
         <name>checkRAMAddrParity</name>
         <value>0x997c</value>
         <object_component_ref idref="oc-5a"/>
      </symbol>
      <symbol id="sm-655">
         <name>checkB0RAMECC</name>
         <value>0x8918</value>
         <object_component_ref idref="oc-5a"/>
      </symbol>
      <symbol id="sm-656">
         <name>stcGetConfigValue</name>
         <value>0x9eec</value>
         <object_component_ref idref="oc-5a"/>
      </symbol>
      <symbol id="sm-657">
         <name>pbistIsTestPassed</name>
         <value>0x85c4</value>
         <object_component_ref idref="oc-5a"/>
      </symbol>
      <symbol id="sm-658">
         <name>checkClockMonitor</name>
         <value>0x95e4</value>
         <object_component_ref idref="oc-5a"/>
      </symbol>
      <symbol id="sm-659">
         <name>fmcECCcheck</name>
         <value>0x8878</value>
         <object_component_ref idref="oc-5a"/>
      </symbol>
      <symbol id="sm-65a">
         <name>fmcBus2Check</name>
         <value>0x883c</value>
         <object_component_ref idref="oc-5a"/>
      </symbol>
      <symbol id="sm-65b">
         <name>checkRAMUERRTest</name>
         <value>0x9a94</value>
         <object_component_ref idref="oc-5a"/>
      </symbol>
      <symbol id="sm-65c">
         <name>efcStuckZeroTest</name>
         <value>0x86c8</value>
         <object_component_ref idref="oc-5a"/>
      </symbol>
      <symbol id="sm-67b">
         <name>_c_int00</name>
         <value>0xe090</value>
         <object_component_ref idref="oc-17"/>
      </symbol>
      <symbol id="sm-712">
         <name>vimChannelMap</name>
         <value>0xccf0</value>
         <object_component_ref idref="oc-44"/>
      </symbol>
      <symbol id="sm-713">
         <name>vimInit</name>
         <value>0xcc1c</value>
         <object_component_ref idref="oc-44"/>
      </symbol>
      <symbol id="sm-714">
         <name>vimEnableInterrupt</name>
         <value>0xcd8c</value>
         <object_component_ref idref="oc-44"/>
      </symbol>
      <symbol id="sm-715">
         <name>vimDisableInterrupt</name>
         <value>0xcee4</value>
         <object_component_ref idref="oc-44"/>
      </symbol>
      <symbol id="sm-716">
         <name>vimGetConfigValue</name>
         <value>0xcf68</value>
         <object_component_ref idref="oc-44"/>
      </symbol>
      <symbol id="sm-717">
         <name>vimParityErrorHandler</name>
         <value>0xde24</value>
         <object_component_ref idref="oc-43"/>
      </symbol>
      <symbol id="sm-76a">
         <name>systemGetConfigValue</name>
         <value>0xc4c4</value>
         <object_component_ref idref="oc-54"/>
      </symbol>
      <symbol id="sm-76b">
         <name>trimLPO</name>
         <value>0xc208</value>
         <object_component_ref idref="oc-54"/>
      </symbol>
      <symbol id="sm-76c">
         <name>systemInit</name>
         <value>0xc3c8</value>
         <object_component_ref idref="oc-54"/>
      </symbol>
      <symbol id="sm-76d">
         <name>tcmflashGetConfigValue</name>
         <value>0xc884</value>
         <object_component_ref idref="oc-54"/>
      </symbol>
      <symbol id="sm-76e">
         <name>sramGetConfigValue</name>
         <value>0xca30</value>
         <object_component_ref idref="oc-54"/>
      </symbol>
      <symbol id="sm-76f">
         <name>periphInit</name>
         <value>0xc290</value>
         <object_component_ref idref="oc-54"/>
      </symbol>
      <symbol id="sm-770">
         <name>setupFlash</name>
         <value>0xc250</value>
         <object_component_ref idref="oc-54"/>
      </symbol>
      <symbol id="sm-771">
         <name>setupPLL</name>
         <value>0xc1b8</value>
         <object_component_ref idref="oc-54"/>
      </symbol>
      <symbol id="sm-772">
         <name>mapClocks</name>
         <value>0xc2e4</value>
         <object_component_ref idref="oc-54"/>
      </symbol>
      <symbol id="sm-773">
         <name>systemPowerDown</name>
         <value>0xc494</value>
         <object_component_ref idref="oc-54"/>
      </symbol>
      <symbol id="sm-790">
         <name>__TI_auto_init</name>
         <value>0x21</value>
         <object_component_ref idref="oc-66"/>
      </symbol>
      <symbol id="sm-7a7">
         <name>__TI_decompress_none</name>
         <value>0x177</value>
         <object_component_ref idref="oc-1d"/>
      </symbol>
      <symbol id="sm-7cb">
         <name>__TI_decompress_rle24</name>
         <value>0x115</value>
         <object_component_ref idref="oc-29"/>
      </symbol>
      <symbol id="sm-7df">
         <name>__TI_zero_init</name>
         <value>0x165</value>
         <object_component_ref idref="oc-23"/>
      </symbol>
      <symbol id="sm-7f8">
         <name>copy_in</name>
         <value>0x11d</value>
         <object_component_ref idref="oc-d6"/>
      </symbol>
      <symbol id="sm-817">
         <name>C$$EXIT</name>
         <value>0xe9b5</value>
         <object_component_ref idref="oc-71"/>
      </symbol>
      <symbol id="sm-818">
         <name>abort</name>
         <value>0xe9b9</value>
         <object_component_ref idref="oc-71"/>
      </symbol>
      <symbol id="sm-819">
         <name>exit</name>
         <value>0xe9c1</value>
         <object_component_ref idref="oc-71"/>
      </symbol>
      <symbol id="sm-81a">
         <name>__TI_dtors_ptr</name>
         <value>0x8003e0c</value>
         <object_component_ref idref="oc-e1"/>
      </symbol>
      <symbol id="sm-81b">
         <name>__TI_cleanup_ptr</name>
         <value>0x8003e08</value>
         <object_component_ref idref="oc-e1"/>
      </symbol>
      <symbol id="sm-839">
         <name>memcpy</name>
         <value>0xe8a1</value>
         <object_component_ref idref="oc-78"/>
      </symbol>
      <symbol id="sm-83a">
         <name>__aeabi_memcpy</name>
         <value>0xe8a1</value>
         <object_component_ref idref="oc-78"/>
      </symbol>
      <symbol id="sm-83b">
         <name>__aeabi_memcpy8</name>
         <value>0xe8a1</value>
         <object_component_ref idref="oc-78"/>
      </symbol>
      <symbol id="sm-83c">
         <name>__aeabi_memcpy4</name>
         <value>0xe8a1</value>
         <object_component_ref idref="oc-78"/>
      </symbol>
      <symbol id="sm-84b">
         <name>__aeabi_memset</name>
         <value>0xe93f</value>
         <object_component_ref idref="oc-1c8"/>
      </symbol>
      <symbol id="sm-84c">
         <name>memset</name>
         <value>0xe945</value>
         <object_component_ref idref="oc-1c8"/>
      </symbol>
      <symbol id="sm-84d">
         <name>__aeabi_memset8</name>
         <value>0xe93f</value>
         <object_component_ref idref="oc-1c8"/>
      </symbol>
      <symbol id="sm-84e">
         <name>__aeabi_memset4</name>
         <value>0xe93f</value>
         <object_component_ref idref="oc-1c8"/>
      </symbol>
      <symbol id="sm-84f">
         <name>__aeabi_memclr8</name>
         <value>0xe93d</value>
         <object_component_ref idref="oc-1c8"/>
      </symbol>
      <symbol id="sm-850">
         <name>__aeabi_memclr4</name>
         <value>0xe93d</value>
         <object_component_ref idref="oc-1c8"/>
      </symbol>
      <symbol id="sm-851">
         <name>__aeabi_memclr</name>
         <value>0xe93d</value>
         <object_component_ref idref="oc-1c8"/>
      </symbol>
      <symbol id="sm-86c">
         <name>_nop</name>
         <value>0xea07</value>
         <object_component_ref idref="oc-185"/>
      </symbol>
      <symbol id="sm-86d">
         <name>_lock</name>
         <value>0x8003e00</value>
         <object_component_ref idref="oc-de"/>
      </symbol>
      <symbol id="sm-86e">
         <name>_unlock</name>
         <value>0x8003e04</value>
         <object_component_ref idref="oc-de"/>
      </symbol>
      <symbol id="sm-86f">
         <name>_register_lock</name>
         <value>0xe9ff</value>
         <object_component_ref idref="oc-185"/>
      </symbol>
      <symbol id="sm-870">
         <name>_register_unlock</name>
         <value>0xe9f9</value>
         <object_component_ref idref="oc-185"/>
      </symbol>
      <symbol id="sm-871">
         <name>__TI_static_base__</name>
         <value>0x0</value>
      </symbol>
      <symbol id="sm-872">
         <name>SHT$$INIT_ARRAY$$Limit</name>
         <value>0x0</value>
      </symbol>
      <symbol id="sm-873">
         <name>SHT$$INIT_ARRAY$$Base</name>
         <value>0x0</value>
      </symbol>
   </symbol_table>
   <title>Link successful</title>
</link_info>
